=============
INSTALL 
=============
https://gist.github.com/pandafulmanda/730a9355e088a9970b18275cb9eadef3
https://appuals.com/how-to-fix-command-not-found-error-on-virtualenv/

pip install virtualenv

$ sudo /usr/bin/easy_install virtualenv
Password:
Searching for virtualenv
Best match: virtualenv 20.0.28
Adding virtualenv 20.0.28 to easy-install.pth file
Installing virtualenv script to /usr/local/bin

Using /Users/dbgsm0/Library/Python/2.7/lib/python/site-packages
Processing dependencies for virtualenv
Finished processing dependencies for virtualenv

$ which virtualenv
/usr/local/bin/virtualenv

=============
USE
=============
https://gist.github.com/pandafulmanda/730a9355e088a9970b18275cb9eadef3

Usage
Creation of virtualenv:

$ virtualenv -p python3 <desired-path>
Activate the virtualenv:

$ source <desired-path>/bin/activate
Deactivate the virtualenv:

$ deactivate




